RSP: HTTP/1.0 200 OK
RSP: Connection: close
RSP: x-powered-by: PHP/5.6.40
RSP: set-cookie: SESSc76fdb4831cb8ea3c0de7acee73cbfa2=16c8ubb089shjl1tggdpg1gjm7; expires=Thu, 20-Oct-2022 23:14:32 GMT; Max-Age=2000000; path=/; domain=www.sigcomm.org
RSP: last-modified: Wed, 17 Aug 2022 15:20:51 GMT
RSP: etag: "c78aaa488ead2bfaf6cb1bf283610ed3"
RSP: expires: Sun, 19 Nov 1978 05:00:00 GMT
RSP: cache-control: must-revalidate
RSP: content-type: text/html; charset=utf-8
RSP: date: Tue, 27 Sep 2022 19:41:12 GMT
RSP: server: LiteSpeed
RSP: strict-transport-security: max-age=63072000; includeSubDomains
RSP: x-frame-options: SAMEORIGIN
RSP: x-content-type-options: nosniff
