REQ: GET / HTTP/1.0
REQ: Host: www.icir.org
REQ: User-Agent: CWRU CSDS 325 Client 1.0
